[2026-05-12T08:44:08.665Z] [ERROR] Error fetching payment history | Error: Incorrect arguments to mysqld_stmt_execute | Stack: Error: Incorrect arguments to mysqld_stmt_execute
    at getHistory (D:\laragon\www\app-pos-upgrade\app-pos-BE\controllers\PaymentController.js:183:37)
    at Layer.handleRequest (D:\laragon\www\app-pos-upgrade\app-pos-BE\node_modules\router\lib\layer.js:152:17)
    at next (D:\laragon\www\app-pos-upgrade\app-pos-BE\node_modules\router\lib\route.js:157:13)
    at D:\laragon\www\app-pos-upgrade\app-pos-BE\middleware\authMiddleware.js:16:9
    at D:\laragon\www\app-pos-upgrade\app-pos-BE\node_modules\jsonwebtoken\verify.js:261:12
    at getSecret (D:\laragon\www\app-pos-upgrade\app-pos-BE\node_modules\jsonwebtoken\verify.js:97:14)
    at module.exports [as verify] (D:\laragon\www\app-pos-upgrade\app-pos-BE\node_modules\jsonwebtoken\verify.js:101:10)
    at module.exports (D:\laragon\www\app-pos-upgrade\app-pos-BE\middleware\authMiddleware.js:11:9)
    at Layer.handleRequest (D:\laragon\www\app-pos-upgrade\app-pos-BE\node_modules\router\lib\layer.js:152:17)
    at next (D:\laragon\www\app-pos-upgrade\app-pos-BE\node_modules\router\lib\route.js:157:13)
[2026-05-12T08:51:01.885Z] [ERROR] Error fetching journals report | Error: Incorrect arguments to mysqld_stmt_execute | Stack: Error: Incorrect arguments to mysqld_stmt_execute
    at getJournals (D:\laragon\www\app-pos-upgrade\app-pos-BE\controllers\ReportController.js:364:41)
    at Layer.handleRequest (D:\laragon\www\app-pos-upgrade\app-pos-BE\node_modules\router\lib\layer.js:152:17)
    at next (D:\laragon\www\app-pos-upgrade\app-pos-BE\node_modules\router\lib\route.js:157:13)
    at D:\laragon\www\app-pos-upgrade\app-pos-BE\middleware\authMiddleware.js:16:9
    at D:\laragon\www\app-pos-upgrade\app-pos-BE\node_modules\jsonwebtoken\verify.js:261:12
    at getSecret (D:\laragon\www\app-pos-upgrade\app-pos-BE\node_modules\jsonwebtoken\verify.js:97:14)
    at module.exports [as verify] (D:\laragon\www\app-pos-upgrade\app-pos-BE\node_modules\jsonwebtoken\verify.js:101:10)
    at module.exports (D:\laragon\www\app-pos-upgrade\app-pos-BE\middleware\authMiddleware.js:11:9)
    at Layer.handleRequest (D:\laragon\www\app-pos-upgrade\app-pos-BE\node_modules\router\lib\layer.js:152:17)
    at next (D:\laragon\www\app-pos-upgrade\app-pos-BE\node_modules\router\lib\route.js:157:13)
[2026-05-12T08:51:19.972Z] [ERROR] Error fetching journals report | Error: Incorrect arguments to mysqld_stmt_execute | Stack: Error: Incorrect arguments to mysqld_stmt_execute
    at getJournals (D:\laragon\www\app-pos-upgrade\app-pos-BE\controllers\ReportController.js:364:41)
    at Layer.handleRequest (D:\laragon\www\app-pos-upgrade\app-pos-BE\node_modules\router\lib\layer.js:152:17)
    at next (D:\laragon\www\app-pos-upgrade\app-pos-BE\node_modules\router\lib\route.js:157:13)
    at D:\laragon\www\app-pos-upgrade\app-pos-BE\middleware\authMiddleware.js:16:9
    at D:\laragon\www\app-pos-upgrade\app-pos-BE\node_modules\jsonwebtoken\verify.js:261:12
    at getSecret (D:\laragon\www\app-pos-upgrade\app-pos-BE\node_modules\jsonwebtoken\verify.js:97:14)
    at module.exports [as verify] (D:\laragon\www\app-pos-upgrade\app-pos-BE\node_modules\jsonwebtoken\verify.js:101:10)
    at module.exports (D:\laragon\www\app-pos-upgrade\app-pos-BE\middleware\authMiddleware.js:11:9)
    at Layer.handleRequest (D:\laragon\www\app-pos-upgrade\app-pos-BE\node_modules\router\lib\layer.js:152:17)
    at next (D:\laragon\www\app-pos-upgrade\app-pos-BE\node_modules\router\lib\route.js:157:13)
[2026-05-12T15:46:21.836Z] [ERROR] Error fetching warehouses | Error: Cannot read properties of undefined (reading 'id') | Stack: TypeError: Cannot read properties of undefined (reading 'id')
    at getAll (D:\laragon\www\app-pos-upgrade\app-pos-BE\controllers\WarehouseController.js:12:37)
    at Layer.handleRequest (D:\laragon\www\app-pos-upgrade\app-pos-BE\node_modules\router\lib\layer.js:152:17)
    at next (D:\laragon\www\app-pos-upgrade\app-pos-BE\node_modules\router\lib\route.js:157:13)
    at Route.dispatch (D:\laragon\www\app-pos-upgrade\app-pos-BE\node_modules\router\lib\route.js:117:3)
    at handle (D:\laragon\www\app-pos-upgrade\app-pos-BE\node_modules\router\index.js:435:11)
    at Layer.handleRequest (D:\laragon\www\app-pos-upgrade\app-pos-BE\node_modules\router\lib\layer.js:152:17)
    at D:\laragon\www\app-pos-upgrade\app-pos-BE\node_modules\router\index.js:295:15
    at processParams (D:\laragon\www\app-pos-upgrade\app-pos-BE\node_modules\router\index.js:582:12)
    at next (D:\laragon\www\app-pos-upgrade\app-pos-BE\node_modules\router\index.js:291:5)
    at Function.handle (D:\laragon\www\app-pos-upgrade\app-pos-BE\node_modules\router\index.js:186:3)
[2026-05-12T15:46:30.920Z] [ERROR] Error fetching warehouses | Error: Cannot read properties of undefined (reading 'id') | Stack: TypeError: Cannot read properties of undefined (reading 'id')
    at getAll (D:\laragon\www\app-pos-upgrade\app-pos-BE\controllers\WarehouseController.js:12:37)
    at Layer.handleRequest (D:\laragon\www\app-pos-upgrade\app-pos-BE\node_modules\router\lib\layer.js:152:17)
    at next (D:\laragon\www\app-pos-upgrade\app-pos-BE\node_modules\router\lib\route.js:157:13)
    at Route.dispatch (D:\laragon\www\app-pos-upgrade\app-pos-BE\node_modules\router\lib\route.js:117:3)
    at handle (D:\laragon\www\app-pos-upgrade\app-pos-BE\node_modules\router\index.js:435:11)
    at Layer.handleRequest (D:\laragon\www\app-pos-upgrade\app-pos-BE\node_modules\router\lib\layer.js:152:17)
    at D:\laragon\www\app-pos-upgrade\app-pos-BE\node_modules\router\index.js:295:15
    at processParams (D:\laragon\www\app-pos-upgrade\app-pos-BE\node_modules\router\index.js:582:12)
    at next (D:\laragon\www\app-pos-upgrade\app-pos-BE\node_modules\router\index.js:291:5)
    at Function.handle (D:\laragon\www\app-pos-upgrade\app-pos-BE\node_modules\router\index.js:186:3)
[2026-05-12T15:46:39.844Z] [ERROR] Error fetching warehouses | Error: Cannot read properties of undefined (reading 'id') | Stack: TypeError: Cannot read properties of undefined (reading 'id')
    at getAll (D:\laragon\www\app-pos-upgrade\app-pos-BE\controllers\WarehouseController.js:12:37)
    at Layer.handleRequest (D:\laragon\www\app-pos-upgrade\app-pos-BE\node_modules\router\lib\layer.js:152:17)
    at next (D:\laragon\www\app-pos-upgrade\app-pos-BE\node_modules\router\lib\route.js:157:13)
    at Route.dispatch (D:\laragon\www\app-pos-upgrade\app-pos-BE\node_modules\router\lib\route.js:117:3)
    at handle (D:\laragon\www\app-pos-upgrade\app-pos-BE\node_modules\router\index.js:435:11)
    at Layer.handleRequest (D:\laragon\www\app-pos-upgrade\app-pos-BE\node_modules\router\lib\layer.js:152:17)
    at D:\laragon\www\app-pos-upgrade\app-pos-BE\node_modules\router\index.js:295:15
    at processParams (D:\laragon\www\app-pos-upgrade\app-pos-BE\node_modules\router\index.js:582:12)
    at next (D:\laragon\www\app-pos-upgrade\app-pos-BE\node_modules\router\index.js:291:5)
    at Function.handle (D:\laragon\www\app-pos-upgrade\app-pos-BE\node_modules\router\index.js:186:3)
[2026-05-12T15:46:49.510Z] [ERROR] Error fetching warehouses | Error: Cannot read properties of undefined (reading 'id') | Stack: TypeError: Cannot read properties of undefined (reading 'id')
    at getAll (D:\laragon\www\app-pos-upgrade\app-pos-BE\controllers\WarehouseController.js:12:37)
    at Layer.handleRequest (D:\laragon\www\app-pos-upgrade\app-pos-BE\node_modules\router\lib\layer.js:152:17)
    at next (D:\laragon\www\app-pos-upgrade\app-pos-BE\node_modules\router\lib\route.js:157:13)
    at Route.dispatch (D:\laragon\www\app-pos-upgrade\app-pos-BE\node_modules\router\lib\route.js:117:3)
    at handle (D:\laragon\www\app-pos-upgrade\app-pos-BE\node_modules\router\index.js:435:11)
    at Layer.handleRequest (D:\laragon\www\app-pos-upgrade\app-pos-BE\node_modules\router\lib\layer.js:152:17)
    at D:\laragon\www\app-pos-upgrade\app-pos-BE\node_modules\router\index.js:295:15
    at processParams (D:\laragon\www\app-pos-upgrade\app-pos-BE\node_modules\router\index.js:582:12)
    at next (D:\laragon\www\app-pos-upgrade\app-pos-BE\node_modules\router\index.js:291:5)
    at Function.handle (D:\laragon\www\app-pos-upgrade\app-pos-BE\node_modules\router\index.js:186:3)
[2026-05-12T15:47:00.359Z] [ERROR] Error fetching warehouses | Error: Cannot read properties of undefined (reading 'id') | Stack: TypeError: Cannot read properties of undefined (reading 'id')
    at getAll (D:\laragon\www\app-pos-upgrade\app-pos-BE\controllers\WarehouseController.js:12:37)
    at Layer.handleRequest (D:\laragon\www\app-pos-upgrade\app-pos-BE\node_modules\router\lib\layer.js:152:17)
    at next (D:\laragon\www\app-pos-upgrade\app-pos-BE\node_modules\router\lib\route.js:157:13)
    at Route.dispatch (D:\laragon\www\app-pos-upgrade\app-pos-BE\node_modules\router\lib\route.js:117:3)
    at handle (D:\laragon\www\app-pos-upgrade\app-pos-BE\node_modules\router\index.js:435:11)
    at Layer.handleRequest (D:\laragon\www\app-pos-upgrade\app-pos-BE\node_modules\router\lib\layer.js:152:17)
    at D:\laragon\www\app-pos-upgrade\app-pos-BE\node_modules\router\index.js:295:15
    at processParams (D:\laragon\www\app-pos-upgrade\app-pos-BE\node_modules\router\index.js:582:12)
    at next (D:\laragon\www\app-pos-upgrade\app-pos-BE\node_modules\router\index.js:291:5)
    at Function.handle (D:\laragon\www\app-pos-upgrade\app-pos-BE\node_modules\router\index.js:186:3)
[2026-05-12T15:47:12.351Z] [ERROR] Error fetching warehouses | Error: Cannot read properties of undefined (reading 'id') | Stack: TypeError: Cannot read properties of undefined (reading 'id')
    at getAll (D:\laragon\www\app-pos-upgrade\app-pos-BE\controllers\WarehouseController.js:12:37)
    at Layer.handleRequest (D:\laragon\www\app-pos-upgrade\app-pos-BE\node_modules\router\lib\layer.js:152:17)
    at next (D:\laragon\www\app-pos-upgrade\app-pos-BE\node_modules\router\lib\route.js:157:13)
    at Route.dispatch (D:\laragon\www\app-pos-upgrade\app-pos-BE\node_modules\router\lib\route.js:117:3)
    at handle (D:\laragon\www\app-pos-upgrade\app-pos-BE\node_modules\router\index.js:435:11)
    at Layer.handleRequest (D:\laragon\www\app-pos-upgrade\app-pos-BE\node_modules\router\lib\layer.js:152:17)
    at D:\laragon\www\app-pos-upgrade\app-pos-BE\node_modules\router\index.js:295:15
    at processParams (D:\laragon\www\app-pos-upgrade\app-pos-BE\node_modules\router\index.js:582:12)
    at next (D:\laragon\www\app-pos-upgrade\app-pos-BE\node_modules\router\index.js:291:5)
    at Function.handle (D:\laragon\www\app-pos-upgrade\app-pos-BE\node_modules\router\index.js:186:3)
[2026-05-12T15:47:21.513Z] [ERROR] Error fetching warehouses | Error: Cannot read properties of undefined (reading 'id') | Stack: TypeError: Cannot read properties of undefined (reading 'id')
    at getAll (D:\laragon\www\app-pos-upgrade\app-pos-BE\controllers\WarehouseController.js:12:37)
    at Layer.handleRequest (D:\laragon\www\app-pos-upgrade\app-pos-BE\node_modules\router\lib\layer.js:152:17)
    at next (D:\laragon\www\app-pos-upgrade\app-pos-BE\node_modules\router\lib\route.js:157:13)
    at Route.dispatch (D:\laragon\www\app-pos-upgrade\app-pos-BE\node_modules\router\lib\route.js:117:3)
    at handle (D:\laragon\www\app-pos-upgrade\app-pos-BE\node_modules\router\index.js:435:11)
    at Layer.handleRequest (D:\laragon\www\app-pos-upgrade\app-pos-BE\node_modules\router\lib\layer.js:152:17)
    at D:\laragon\www\app-pos-upgrade\app-pos-BE\node_modules\router\index.js:295:15
    at processParams (D:\laragon\www\app-pos-upgrade\app-pos-BE\node_modules\router\index.js:582:12)
    at next (D:\laragon\www\app-pos-upgrade\app-pos-BE\node_modules\router\index.js:291:5)
    at Function.handle (D:\laragon\www\app-pos-upgrade\app-pos-BE\node_modules\router\index.js:186:3)
[2026-05-12T15:47:38.933Z] [ERROR] Error fetching warehouses | Error: Cannot read properties of undefined (reading 'id') | Stack: TypeError: Cannot read properties of undefined (reading 'id')
    at getAll (D:\laragon\www\app-pos-upgrade\app-pos-BE\controllers\WarehouseController.js:12:37)
    at Layer.handleRequest (D:\laragon\www\app-pos-upgrade\app-pos-BE\node_modules\router\lib\layer.js:152:17)
    at next (D:\laragon\www\app-pos-upgrade\app-pos-BE\node_modules\router\lib\route.js:157:13)
    at Route.dispatch (D:\laragon\www\app-pos-upgrade\app-pos-BE\node_modules\router\lib\route.js:117:3)
    at handle (D:\laragon\www\app-pos-upgrade\app-pos-BE\node_modules\router\index.js:435:11)
    at Layer.handleRequest (D:\laragon\www\app-pos-upgrade\app-pos-BE\node_modules\router\lib\layer.js:152:17)
    at D:\laragon\www\app-pos-upgrade\app-pos-BE\node_modules\router\index.js:295:15
    at processParams (D:\laragon\www\app-pos-upgrade\app-pos-BE\node_modules\router\index.js:582:12)
    at next (D:\laragon\www\app-pos-upgrade\app-pos-BE\node_modules\router\index.js:291:5)
    at Function.handle (D:\laragon\www\app-pos-upgrade\app-pos-BE\node_modules\router\index.js:186:3)
[2026-05-12T15:48:14.419Z] [ERROR] Error fetching warehouses | Error: Cannot read properties of undefined (reading 'id') | Stack: TypeError: Cannot read properties of undefined (reading 'id')
    at getAll (D:\laragon\www\app-pos-upgrade\app-pos-BE\controllers\WarehouseController.js:12:37)
    at Layer.handleRequest (D:\laragon\www\app-pos-upgrade\app-pos-BE\node_modules\router\lib\layer.js:152:17)
    at next (D:\laragon\www\app-pos-upgrade\app-pos-BE\node_modules\router\lib\route.js:157:13)
    at Route.dispatch (D:\laragon\www\app-pos-upgrade\app-pos-BE\node_modules\router\lib\route.js:117:3)
    at handle (D:\laragon\www\app-pos-upgrade\app-pos-BE\node_modules\router\index.js:435:11)
    at Layer.handleRequest (D:\laragon\www\app-pos-upgrade\app-pos-BE\node_modules\router\lib\layer.js:152:17)
    at D:\laragon\www\app-pos-upgrade\app-pos-BE\node_modules\router\index.js:295:15
    at processParams (D:\laragon\www\app-pos-upgrade\app-pos-BE\node_modules\router\index.js:582:12)
    at next (D:\laragon\www\app-pos-upgrade\app-pos-BE\node_modules\router\index.js:291:5)
    at Function.handle (D:\laragon\www\app-pos-upgrade\app-pos-BE\node_modules\router\index.js:186:3)
