[2026-05-13T00:10:55.004Z] [ERROR] Error storing payment | Error: Field 'account_id' doesn't have a default value | Stack: Error: Field 'account_id' doesn't have a default value
    at store (D:\laragon\www\app-pos-upgrade\app-pos-BE\controllers\PaymentController.js:107:54)
    at process.processTicksAndRejections (node:internal/process/task_queues:105:5)
[2026-05-13T00:11:15.651Z] [ERROR] Error storing payment | Error: Field 'account_id' doesn't have a default value | Stack: Error: Field 'account_id' doesn't have a default value
    at store (D:\laragon\www\app-pos-upgrade\app-pos-BE\controllers\PaymentController.js:107:54)
    at process.processTicksAndRejections (node:internal/process/task_queues:105:5)
[2026-05-13T00:23:15.667Z] [ERROR] Error creating sale | Error: Unknown column 'type' in 'field list' | Stack: Error: Unknown column 'type' in 'field list'
    at create (D:\laragon\www\app-pos-upgrade\app-pos-BE\controllers\SaleController.js:189:32)
    at process.processTicksAndRejections (node:internal/process/task_queues:105:5)
[2026-05-13T01:59:37.789Z] [ERROR] Error fetching cashier history | Error: Incorrect arguments to mysqld_stmt_execute | Stack: Error: Incorrect arguments to mysqld_stmt_execute
    at getHistory (D:\laragon\www\app-pos-upgrade\app-pos-BE\controllers\CashierController.js:220:37)
    at Layer.handleRequest (D:\laragon\www\app-pos-upgrade\app-pos-BE\node_modules\router\lib\layer.js:152:17)
    at next (D:\laragon\www\app-pos-upgrade\app-pos-BE\node_modules\router\lib\route.js:157:13)
    at D:\laragon\www\app-pos-upgrade\app-pos-BE\middleware\authMiddleware.js:16:9
    at D:\laragon\www\app-pos-upgrade\app-pos-BE\node_modules\jsonwebtoken\verify.js:261:12
    at getSecret (D:\laragon\www\app-pos-upgrade\app-pos-BE\node_modules\jsonwebtoken\verify.js:97:14)
    at module.exports [as verify] (D:\laragon\www\app-pos-upgrade\app-pos-BE\node_modules\jsonwebtoken\verify.js:101:10)
    at module.exports (D:\laragon\www\app-pos-upgrade\app-pos-BE\middleware\authMiddleware.js:11:9)
    at Layer.handleRequest (D:\laragon\www\app-pos-upgrade\app-pos-BE\node_modules\router\lib\layer.js:152:17)
    at next (D:\laragon\www\app-pos-upgrade\app-pos-BE\node_modules\router\lib\route.js:157:13)
[2026-05-13T01:59:48.573Z] [ERROR] Error fetching cashier history | Error: Incorrect arguments to mysqld_stmt_execute | Stack: Error: Incorrect arguments to mysqld_stmt_execute
    at getHistory (D:\laragon\www\app-pos-upgrade\app-pos-BE\controllers\CashierController.js:220:37)
    at Layer.handleRequest (D:\laragon\www\app-pos-upgrade\app-pos-BE\node_modules\router\lib\layer.js:152:17)
    at next (D:\laragon\www\app-pos-upgrade\app-pos-BE\node_modules\router\lib\route.js:157:13)
    at D:\laragon\www\app-pos-upgrade\app-pos-BE\middleware\authMiddleware.js:16:9
    at D:\laragon\www\app-pos-upgrade\app-pos-BE\node_modules\jsonwebtoken\verify.js:261:12
    at getSecret (D:\laragon\www\app-pos-upgrade\app-pos-BE\node_modules\jsonwebtoken\verify.js:97:14)
    at module.exports [as verify] (D:\laragon\www\app-pos-upgrade\app-pos-BE\node_modules\jsonwebtoken\verify.js:101:10)
    at module.exports (D:\laragon\www\app-pos-upgrade\app-pos-BE\middleware\authMiddleware.js:11:9)
    at Layer.handleRequest (D:\laragon\www\app-pos-upgrade\app-pos-BE\node_modules\router\lib\layer.js:152:17)
    at next (D:\laragon\www\app-pos-upgrade\app-pos-BE\node_modules\router\lib\route.js:157:13)
[2026-05-13T02:00:02.675Z] [ERROR] Error fetching cashier history | Error: Incorrect arguments to mysqld_stmt_execute | Stack: Error: Incorrect arguments to mysqld_stmt_execute
    at getHistory (D:\laragon\www\app-pos-upgrade\app-pos-BE\controllers\CashierController.js:220:37)
    at Layer.handleRequest (D:\laragon\www\app-pos-upgrade\app-pos-BE\node_modules\router\lib\layer.js:152:17)
    at next (D:\laragon\www\app-pos-upgrade\app-pos-BE\node_modules\router\lib\route.js:157:13)
    at D:\laragon\www\app-pos-upgrade\app-pos-BE\middleware\authMiddleware.js:16:9
    at D:\laragon\www\app-pos-upgrade\app-pos-BE\node_modules\jsonwebtoken\verify.js:261:12
    at getSecret (D:\laragon\www\app-pos-upgrade\app-pos-BE\node_modules\jsonwebtoken\verify.js:97:14)
    at module.exports [as verify] (D:\laragon\www\app-pos-upgrade\app-pos-BE\node_modules\jsonwebtoken\verify.js:101:10)
    at module.exports (D:\laragon\www\app-pos-upgrade\app-pos-BE\middleware\authMiddleware.js:11:9)
    at Layer.handleRequest (D:\laragon\www\app-pos-upgrade\app-pos-BE\node_modules\router\lib\layer.js:152:17)
    at next (D:\laragon\www\app-pos-upgrade\app-pos-BE\node_modules\router\lib\route.js:157:13)
[2026-05-13T02:29:56.728Z] [ERROR] Error fetching item movement report | Error: Unknown column 'sh.qty' in 'field list' | Stack: Error: Unknown column 'sh.qty' in 'field list'
    at getItemMovementReport (D:\laragon\www\app-pos-upgrade\app-pos-BE\controllers\ReportController.js:440:37)
    at Layer.handleRequest (D:\laragon\www\app-pos-upgrade\app-pos-BE\node_modules\router\lib\layer.js:152:17)
    at next (D:\laragon\www\app-pos-upgrade\app-pos-BE\node_modules\router\lib\route.js:157:13)
    at D:\laragon\www\app-pos-upgrade\app-pos-BE\middleware\authMiddleware.js:16:9
    at D:\laragon\www\app-pos-upgrade\app-pos-BE\node_modules\jsonwebtoken\verify.js:261:12
    at getSecret (D:\laragon\www\app-pos-upgrade\app-pos-BE\node_modules\jsonwebtoken\verify.js:97:14)
    at module.exports [as verify] (D:\laragon\www\app-pos-upgrade\app-pos-BE\node_modules\jsonwebtoken\verify.js:101:10)
    at module.exports (D:\laragon\www\app-pos-upgrade\app-pos-BE\middleware\authMiddleware.js:11:9)
    at Layer.handleRequest (D:\laragon\www\app-pos-upgrade\app-pos-BE\node_modules\router\lib\layer.js:152:17)
    at next (D:\laragon\www\app-pos-upgrade\app-pos-BE\node_modules\router\lib\route.js:157:13)
[2026-05-13T02:30:01.737Z] [ERROR] Error fetching item movement report | Error: Unknown column 'sh.qty' in 'field list' | Stack: Error: Unknown column 'sh.qty' in 'field list'
    at getItemMovementReport (D:\laragon\www\app-pos-upgrade\app-pos-BE\controllers\ReportController.js:440:37)
    at Layer.handleRequest (D:\laragon\www\app-pos-upgrade\app-pos-BE\node_modules\router\lib\layer.js:152:17)
    at next (D:\laragon\www\app-pos-upgrade\app-pos-BE\node_modules\router\lib\route.js:157:13)
    at D:\laragon\www\app-pos-upgrade\app-pos-BE\middleware\authMiddleware.js:16:9
    at D:\laragon\www\app-pos-upgrade\app-pos-BE\node_modules\jsonwebtoken\verify.js:261:12
    at getSecret (D:\laragon\www\app-pos-upgrade\app-pos-BE\node_modules\jsonwebtoken\verify.js:97:14)
    at module.exports [as verify] (D:\laragon\www\app-pos-upgrade\app-pos-BE\node_modules\jsonwebtoken\verify.js:101:10)
    at module.exports (D:\laragon\www\app-pos-upgrade\app-pos-BE\middleware\authMiddleware.js:11:9)
    at Layer.handleRequest (D:\laragon\www\app-pos-upgrade\app-pos-BE\node_modules\router\lib\layer.js:152:17)
    at next (D:\laragon\www\app-pos-upgrade\app-pos-BE\node_modules\router\lib\route.js:157:13)
[2026-05-13T02:30:10.179Z] [ERROR] Error fetching item movement report | Error: Unknown column 'sh.qty' in 'field list' | Stack: Error: Unknown column 'sh.qty' in 'field list'
    at getItemMovementReport (D:\laragon\www\app-pos-upgrade\app-pos-BE\controllers\ReportController.js:440:37)
    at Layer.handleRequest (D:\laragon\www\app-pos-upgrade\app-pos-BE\node_modules\router\lib\layer.js:152:17)
    at next (D:\laragon\www\app-pos-upgrade\app-pos-BE\node_modules\router\lib\route.js:157:13)
    at D:\laragon\www\app-pos-upgrade\app-pos-BE\middleware\authMiddleware.js:16:9
    at D:\laragon\www\app-pos-upgrade\app-pos-BE\node_modules\jsonwebtoken\verify.js:261:12
    at getSecret (D:\laragon\www\app-pos-upgrade\app-pos-BE\node_modules\jsonwebtoken\verify.js:97:14)
    at module.exports [as verify] (D:\laragon\www\app-pos-upgrade\app-pos-BE\node_modules\jsonwebtoken\verify.js:101:10)
    at module.exports (D:\laragon\www\app-pos-upgrade\app-pos-BE\middleware\authMiddleware.js:11:9)
    at Layer.handleRequest (D:\laragon\www\app-pos-upgrade\app-pos-BE\node_modules\router\lib\layer.js:152:17)
    at next (D:\laragon\www\app-pos-upgrade\app-pos-BE\node_modules\router\lib\route.js:157:13)
[2026-05-13T02:30:11.280Z] [ERROR] Error fetching item movement report | Error: Unknown column 'sh.qty' in 'field list' | Stack: Error: Unknown column 'sh.qty' in 'field list'
    at getItemMovementReport (D:\laragon\www\app-pos-upgrade\app-pos-BE\controllers\ReportController.js:440:37)
    at Layer.handleRequest (D:\laragon\www\app-pos-upgrade\app-pos-BE\node_modules\router\lib\layer.js:152:17)
    at next (D:\laragon\www\app-pos-upgrade\app-pos-BE\node_modules\router\lib\route.js:157:13)
    at D:\laragon\www\app-pos-upgrade\app-pos-BE\middleware\authMiddleware.js:16:9
    at D:\laragon\www\app-pos-upgrade\app-pos-BE\node_modules\jsonwebtoken\verify.js:261:12
    at getSecret (D:\laragon\www\app-pos-upgrade\app-pos-BE\node_modules\jsonwebtoken\verify.js:97:14)
    at module.exports [as verify] (D:\laragon\www\app-pos-upgrade\app-pos-BE\node_modules\jsonwebtoken\verify.js:101:10)
    at module.exports (D:\laragon\www\app-pos-upgrade\app-pos-BE\middleware\authMiddleware.js:11:9)
    at Layer.handleRequest (D:\laragon\www\app-pos-upgrade\app-pos-BE\node_modules\router\lib\layer.js:152:17)
    at next (D:\laragon\www\app-pos-upgrade\app-pos-BE\node_modules\router\lib\route.js:157:13)
[2026-05-13T02:30:44.575Z] [ERROR] Error fetching item movement report | Error: Unknown column 'sh.qty' in 'field list' | Stack: Error: Unknown column 'sh.qty' in 'field list'
    at getItemMovementReport (D:\laragon\www\app-pos-upgrade\app-pos-BE\controllers\ReportController.js:440:37)
    at Layer.handleRequest (D:\laragon\www\app-pos-upgrade\app-pos-BE\node_modules\router\lib\layer.js:152:17)
    at next (D:\laragon\www\app-pos-upgrade\app-pos-BE\node_modules\router\lib\route.js:157:13)
    at D:\laragon\www\app-pos-upgrade\app-pos-BE\middleware\authMiddleware.js:16:9
    at D:\laragon\www\app-pos-upgrade\app-pos-BE\node_modules\jsonwebtoken\verify.js:261:12
    at getSecret (D:\laragon\www\app-pos-upgrade\app-pos-BE\node_modules\jsonwebtoken\verify.js:97:14)
    at module.exports [as verify] (D:\laragon\www\app-pos-upgrade\app-pos-BE\node_modules\jsonwebtoken\verify.js:101:10)
    at module.exports (D:\laragon\www\app-pos-upgrade\app-pos-BE\middleware\authMiddleware.js:11:9)
    at Layer.handleRequest (D:\laragon\www\app-pos-upgrade\app-pos-BE\node_modules\router\lib\layer.js:152:17)
    at next (D:\laragon\www\app-pos-upgrade\app-pos-BE\node_modules\router\lib\route.js:157:13)
